2025-07-13 19:11:05 - hisugar - INFO - 本次爬取的创建时间: 2025-07-13 19:11:05
2025-07-13 19:11:05 - hisugar - INFO - 表名: aisugar_hisugar, 爬取周期: 2025-07-06 至 2025-07-13, 每页大小: 10
2025-07-13 19:11:06 - hisugar - INFO - 爬取 [国内新闻 - 最新资讯]: 第 1 页
2025-07-13 19:11:09 - hisugar - INFO - 成功爬取文章: 2025年7月中国农产品供需形势分析（食糖）, 发布日期: 2025-07-12
2025-07-13 19:11:12 - hisugar - INFO - 成功爬取文章: 20250711国内制糖集团报价, 发布日期: 2025-07-12
2025-07-13 19:11:13 - hisugar - INFO - 成功爬取文章: 20250711郑商所白糖期权报价, 发布日期: 2025-07-12
2025-07-13 19:11:16 - hisugar - INFO - 成功爬取文章: 20250711机构场外期权报价, 发布日期: 2025-07-12
2025-07-13 19:11:18 - hisugar - INFO - 成功爬取文章: 商务部：2025年6月关税配额外原糖实际到港6.61万吨，7月预报到港64.88万吨, 发布日期: 2025-07-11
2025-07-13 19:11:19 - hisugar - INFO - 成功爬取文章: 9家制糖企业入选2024年度中国轻工业二百强企业名单, 发布日期: 2025-07-11
2025-07-13 19:11:26 - hisugar - INFO - 爬取 [国内新闻 - 最新资讯]: 第 2 页
2025-07-13 19:11:35 - hisugar - INFO - 爬取 [国内新闻 - 最新资讯]: 第 3 页
2025-07-13 19:11:45 - hisugar - INFO - 爬取 [国内新闻 - 最新资讯]: 第 4 页
2025-07-13 19:11:55 - hisugar - INFO - 爬取 [国内新闻 - 最新资讯]: 第 5 页
2025-07-13 19:11:56 - hisugar - INFO - 爬取完成: 国内新闻 - 最新资讯, 数据大小: (6, 7), 耗时: 0:00:50.437453
2025-07-13 19:11:56 - hisugar - INFO - 爬取 [国内新闻 - 糖料生产]: 第 1 页
2025-07-13 19:12:00 - hisugar - INFO - 爬取完成: 国内新闻 - 糖料生产, 数据大小: (0, 0), 耗时: 0:00:04.103872
2025-07-13 19:12:00 - hisugar - INFO - 爬取 [国内新闻 - 食糖生产]: 第 1 页
2025-07-13 19:12:01 - hisugar - INFO - 爬取完成: 国内新闻 - 食糖生产, 数据大小: (0, 0), 耗时: 0:00:00.992569
2025-07-13 19:12:01 - hisugar - INFO - 爬取 [国内新闻 - 糖厂开工]: 第 1 页
2025-07-13 19:12:01 - hisugar - INFO - 爬取完成: 国内新闻 - 糖厂开工, 数据大小: (0, 0), 耗时: 0:00:00.530789
2025-07-13 19:12:02 - hisugar - INFO - 爬取 [国内新闻 - 食糖产销]: 第 1 页
2025-07-13 19:12:06 - hisugar - INFO - 成功爬取文章: 2025年7月中国农产品供需形势分析（食糖）, 发布日期: 2025-07-12
2025-07-13 19:12:06 - hisugar - INFO - 爬取完成: 国内新闻 - 食糖产销, 数据大小: (1, 7), 耗时: 0:00:04.851819
2025-07-13 19:12:07 - hisugar - INFO - 爬取 [国内新闻 - 海关数据]: 第 1 页
2025-07-13 19:12:08 - hisugar - INFO - 爬取完成: 国内新闻 - 海关数据, 数据大小: (0, 0), 耗时: 0:00:01.545051
2025-07-13 19:12:08 - hisugar - INFO - 爬取 [国内新闻 - 现货报价/进口成本]: 第 1 页
2025-07-13 19:12:12 - hisugar - INFO - 成功爬取文章: 20250711国内制糖集团报价, 发布日期: 2025-07-12
2025-07-13 19:12:23 - hisugar - INFO - 爬取 [国内新闻 - 现货报价/进口成本]: 第 2 页
2025-07-13 19:12:23 - hisugar - INFO - 爬取完成: 国内新闻 - 现货报价/进口成本, 数据大小: (1, 7), 耗时: 0:00:15.482917
2025-07-13 19:12:24 - hisugar - INFO - 爬取 [国内新闻 - 食糖消费]: 第 1 页
2025-07-13 19:12:25 - hisugar - INFO - 爬取完成: 国内新闻 - 食糖消费, 数据大小: (0, 0), 耗时: 0:00:01.366728
2025-07-13 19:12:25 - hisugar - INFO - 爬取 [国内新闻 - 白糖期货/期权]: 第 1 页
2025-07-13 19:12:27 - hisugar - INFO - 成功爬取文章: 20250711郑商所白糖期权报价, 发布日期: 2025-07-12
2025-07-13 19:12:28 - hisugar - INFO - 成功爬取文章: 20250711机构场外期权报价, 发布日期: 2025-07-12
2025-07-13 19:12:32 - hisugar - INFO - 爬取完成: 国内新闻 - 白糖期货/期权, 数据大小: (2, 7), 耗时: 0:00:06.990958
2025-07-13 19:12:33 - hisugar - INFO - 爬取 [国内新闻 - 糖业政策]: 第 1 页
2025-07-13 19:12:33 - hisugar - INFO - 爬取完成: 国内新闻 - 糖业政策, 数据大小: (0, 0), 耗时: 0:00:01.258682
2025-07-13 19:12:33 - hisugar - INFO - 爬取 [国内新闻 - 蔗区气象]: 第 1 页
2025-07-13 19:12:35 - hisugar - INFO - 爬取完成: 国内新闻 - 蔗区气象, 数据大小: (0, 0), 耗时: 0:00:01.646196
2025-07-13 19:12:35 - hisugar - INFO - 爬取 [国内新闻 - 副产品/替代品]: 第 1 页
2025-07-13 19:12:44 - hisugar - INFO - 爬取 [国内新闻 - 副产品/替代品]: 第 2 页
2025-07-13 19:12:45 - hisugar - INFO - 爬取完成: 国内新闻 - 副产品/替代品, 数据大小: (0, 0), 耗时: 0:00:10.195359
2025-07-13 19:12:46 - hisugar - INFO - 爬取 [国内新闻 - 产业风采]: 第 1 页
2025-07-13 19:12:47 - hisugar - INFO - 爬取完成: 国内新闻 - 产业风采, 数据大小: (0, 0), 耗时: 0:00:02.108462
2025-07-13 19:12:47 - hisugar - INFO - 爬取 [国内新闻 - 通知/公告]: 第 1 页
2025-07-13 19:12:49 - hisugar - INFO - 爬取完成: 国内新闻 - 通知/公告, 数据大小: (0, 0), 耗时: 0:00:02.521727
2025-07-13 19:12:50 - hisugar - INFO - 爬取 [国内新闻 - 糖业会议/培训]: 第 1 页
2025-07-13 19:12:51 - hisugar - INFO - 爬取完成: 国内新闻 - 糖业会议/培训, 数据大小: (0, 0), 耗时: 0:00:01.495392
2025-07-13 19:12:52 - hisugar - INFO - 爬取 [国际新闻 - 最新资讯]: 第 1 页
2025-07-13 19:12:54 - hisugar - INFO - 成功爬取文章: IBGE预计巴西2025年甘蔗产量为6.93亿吨，同比下降1.9%, 发布日期: 2025-07-11
2025-07-13 19:12:57 - hisugar - INFO - 成功爬取文章: 截至7月9日当周，巴西港口等待装运的食糖数量为368.55万吨, 发布日期: 2025-07-11
2025-07-13 19:13:05 - hisugar - INFO - 爬取 [国际新闻 - 最新资讯]: 第 2 页
2025-07-13 19:13:05 - hisugar - INFO - 爬取完成: 国际新闻 - 最新资讯, 数据大小: (2, 7), 耗时: 0:00:14.184200
2025-07-13 19:13:06 - hisugar - INFO - 爬取 [国际新闻 - 糖料生产]: 第 1 页
2025-07-13 19:13:09 - hisugar - INFO - 爬取完成: 国际新闻 - 糖料生产, 数据大小: (0, 0), 耗时: 0:00:03.421506
2025-07-13 19:13:09 - hisugar - INFO - 爬取 [国际新闻 - 食糖生产]: 第 1 页
2025-07-13 19:13:11 - hisugar - INFO - 爬取完成: 国际新闻 - 食糖生产, 数据大小: (0, 0), 耗时: 0:00:02.125120
2025-07-13 19:13:11 - hisugar - INFO - 爬取 [国际新闻 - 食糖贸易]: 第 1 页
2025-07-13 19:13:15 - hisugar - INFO - 爬取完成: 国际新闻 - 食糖贸易, 数据大小: (0, 0), 耗时: 0:00:03.909698
2025-07-13 19:13:15 - hisugar - INFO - 爬取 [国际新闻 - 食糖消费]: 第 1 页
2025-07-13 19:13:16 - hisugar - INFO - 爬取完成: 国际新闻 - 食糖消费, 数据大小: (0, 0), 耗时: 0:00:01.822210
2025-07-13 19:13:16 - hisugar - INFO - 爬取 [国际新闻 - 供需分析]: 第 1 页
2025-07-13 19:13:17 - hisugar - INFO - 爬取完成: 国际新闻 - 供需分析, 数据大小: (0, 0), 耗时: 0:00:01.012094
2025-07-13 19:13:18 - hisugar - INFO - 爬取 [国际新闻 - 期货市场]: 第 1 页
2025-07-13 19:13:19 - hisugar - INFO - 爬取完成: 国际新闻 - 期货市场, 数据大小: (0, 0), 耗时: 0:00:01.138767
2025-07-13 19:13:19 - hisugar - INFO - 爬取 [国际新闻 - 糖业政策]: 第 1 页
2025-07-13 19:13:21 - hisugar - INFO - 爬取完成: 国际新闻 - 糖业政策, 数据大小: (0, 0), 耗时: 0:00:02.384497
2025-07-13 19:13:21 - hisugar - INFO - 爬取 [国际新闻 - 环球财经]: 第 1 页
2025-07-13 19:13:23 - hisugar - INFO - 爬取完成: 国际新闻 - 环球财经, 数据大小: (0, 0), 耗时: 0:00:01.797975
2025-07-13 19:13:23 - hisugar - INFO - 爬取 [行业研究 - 热点研究]: 第 1 页
2025-07-13 19:13:26 - hisugar - INFO - 当前文章无法爬取文字内容，跳过:  招商期货2025年上半年：增产仍是主旋律，糖市继续寻底
2025-07-13 19:13:36 - hisugar - INFO - 爬取 [行业研究 - 热点研究]: 第 2 页
2025-07-13 19:13:48 - hisugar - INFO - 爬取 [行业研究 - 热点研究]: 第 3 页
2025-07-13 19:14:00 - hisugar - INFO - 爬取 [行业研究 - 热点研究]: 第 4 页
2025-07-13 19:14:03 - hisugar - INFO - 爬取完成: 行业研究 - 热点研究, 数据大小: (0, 0), 耗时: 0:00:40.701986
2025-07-13 19:14:04 - hisugar - INFO - 爬取 [行业研究 - 日报]: 第 1 页
2025-07-13 19:14:14 - hisugar - INFO - 爬取 [行业研究 - 日报]: 第 2 页
2025-07-13 19:14:25 - hisugar - INFO - 爬取 [行业研究 - 日报]: 第 3 页
2025-07-13 19:14:29 - hisugar - INFO - 爬取完成: 行业研究 - 日报, 数据大小: (0, 0), 耗时: 0:00:26.002635
2025-07-13 19:14:30 - hisugar - INFO - 爬取 [行业研究 - 周报]: 第 1 页
2025-07-13 19:14:32 - hisugar - INFO - 爬取完成: 行业研究 - 周报, 数据大小: (0, 0), 耗时: 0:00:03.011624
2025-07-13 19:14:33 - hisugar - INFO - 爬取 [行业研究 - 月报]: 第 1 页
2025-07-13 19:14:35 - hisugar - INFO - 爬取完成: 行业研究 - 月报, 数据大小: (0, 0), 耗时: 0:00:02.993497
2025-07-13 19:14:36 - hisugar - INFO - 爬取 [行业研究 - 国内市场]: 第 1 页
2025-07-13 19:14:38 - hisugar - INFO - 爬取完成: 行业研究 - 国内市场, 数据大小: (0, 0), 耗时: 0:00:02.078329
2025-07-13 19:14:38 - hisugar - INFO - 爬取 [行业研究 - 国际市场]: 第 1 页
2025-07-13 19:14:38 - hisugar - INFO - 爬取完成: 行业研究 - 国际市场, 数据大小: (0, 0), 耗时: 0:00:00.535721
2025-07-13 19:14:38 - hisugar - INFO - 爬取 [行业研究 - 调研报告]: 第 1 页
2025-07-13 19:14:39 - hisugar - INFO - 爬取完成: 行业研究 - 调研报告, 数据大小: (0, 0), 耗时: 0:00:00.956312
2025-07-13 19:14:40 - hisugar - INFO - 爬取 [行业研究 - 宏观研究]: 第 1 页
2025-07-13 19:14:42 - hisugar - INFO - 爬取完成: 行业研究 - 宏观研究, 数据大小: (0, 0), 耗时: 0:00:02.684712
2025-07-13 19:14:43 - hisugar - INFO - 爬取 [行业研究 - 权威解读]: 第 1 页
2025-07-13 19:14:44 - hisugar - INFO - 爬取完成: 行业研究 - 权威解读, 数据大小: (0, 0), 耗时: 0:00:02.245429
2025-07-13 19:14:44 - hisugar - INFO - 爬取 [行业研究 - 季报年报]: 第 1 页
2025-07-13 19:14:47 - hisugar - INFO - 当前文章无法爬取文字内容，跳过:  招商期货2025年上半年：增产仍是主旋律，糖市继续寻底
2025-07-13 19:14:48 - hisugar - INFO - 爬取完成: 行业研究 - 季报年报, 数据大小: (0, 0), 耗时: 0:00:03.935701
2025-07-13 19:14:49 - hisugar - INFO - 爬取 [行业研究 - 糖业论文]: 第 1 页
2025-07-13 19:14:51 - hisugar - INFO - 爬取完成: 行业研究 - 糖业论文, 数据大小: (0, 0), 耗时: 0:00:02.745829
2025-07-13 19:14:52 - hisugar - INFO - 爬取 [行业研究 - 糖业科普]: 第 1 页
2025-07-13 19:14:53 - hisugar - INFO - 爬取完成: 行业研究 - 糖业科普, 数据大小: (0, 0), 耗时: 0:00:02.441474
2025-07-13 19:14:53 - hisugar - INFO - 本次爬取完成, 总共耗时: 0:03:47.699444
