2025-07-20 23:13:36 - DBFile - INFO - 初始化文件数据库, 根路径: /Users/xiehao/Desktop/workspace/X2AI/FinAI/DataBase
2025-07-20 23:13:44 - DBFile - INFO - 成功从 aibot_sentimental_sugar_researcher 读取 dataframe 数据，数据大小: (27, 9)
2025-07-21 11:05:25 - DBFile - INFO - 初始化文件数据库, 根路径: /Users/xiehao/Desktop/workspace/X2AI/FinAI/DataBase
2025-07-21 11:05:42 - DBFile - INFO - 成功从 aisugar_hisugar 读取 dataframe 数据，数据大小: (93, 7)
2025-07-21 11:06:23 - DBFile - INFO - 存储数据成功: aisugar_hisugar
2025-07-21 11:06:28 - DBFile - INFO - 存储数据成功: aisugar_hisugar
2025-07-21 11:06:32 - DBFile - INFO - 存储数据成功: aisugar_hisugar
2025-07-21 11:06:35 - DBFile - INFO - 存储数据成功: aisugar_hisugar
2025-07-21 11:06:43 - DBFile - INFO - 存储数据成功: aisugar_hisugar
2025-07-21 11:06:47 - DBFile - INFO - 存储数据成功: aisugar_hisugar
2025-07-21 11:06:51 - DBFile - INFO - 存储数据成功: aisugar_hisugar
2025-07-21 11:07:03 - DBFile - INFO - 存储数据成功: aisugar_hisugar
2025-07-21 11:07:16 - DBFile - INFO - 存储数据成功: aisugar_hisugar
2025-07-21 11:07:22 - DBFile - INFO - 存储数据成功: aisugar_hisugar
2025-07-21 11:07:28 - DBFile - INFO - 存储数据成功: aisugar_hisugar
2025-07-21 11:07:31 - DBFile - INFO - 存储数据成功: aisugar_hisugar
2025-07-21 11:07:34 - DBFile - INFO - 存储数据成功: aisugar_hisugar
2025-07-21 11:08:13 - DBFile - INFO - 存储数据成功: aisugar_hisugar
2025-07-21 11:08:47 - DBFile - INFO - 存储数据成功: aisugar_hisugar
2025-07-21 11:08:50 - DBFile - INFO - 存储数据成功: aisugar_hisugar
2025-07-21 11:09:03 - DBFile - INFO - 初始化文件数据库, 根路径: /Users/xiehao/Desktop/workspace/X2AI/FinAI/DataBase
2025-07-21 11:09:07 - DBFile - INFO - 存储数据成功: future_bar1d
2025-07-21 11:42:07 - DBFile - INFO - 初始化文件数据库, 根路径: /Users/xiehao/Desktop/workspace/X2AI/FinAI/DataBase
2025-07-21 11:42:08 - DBFile - INFO - 成功从 aisugar_hisugar 读取 dataframe 数据，数据大小: (152, 7)
2025-07-21 11:44:58 - DBFile - INFO - 初始化文件数据库, 根路径: /Users/xiehao/Desktop/workspace/X2AI/FinAI/DataBase
2025-07-21 11:44:59 - DBFile - INFO - 存储数据成功: future_bar1d
2025-07-21 13:52:20 - dbfile_sugar - INFO - 初始化文件数据库, 根路径: /Users/xiehao/Desktop/workspace/X2AI/FinAI/DataBase
2025-07-21 14:00:35 - DBFile - INFO - 初始化文件数据库, 根路径: /Users/xiehao/Desktop/workspace/X2AI/FinAI/DataBase
2025-07-21 14:00:35 - DBFile - INFO - 成功从 aibot_sentimental_sugar_researcher 读取 dataframe 数据，数据大小: (1435, 9)
2025-07-21 14:05:01 - DBFile - INFO - 初始化文件数据库, 根路径: /Users/xiehao/Desktop/workspace/X2AI/FinAI/DataBase
2025-07-21 14:05:01 - DBFile - INFO - 成功从 aibot_sentimental_sugar_researcher2 读取 dataframe 数据，数据大小: (1435, 9)
2025-07-21 14:05:01 - dbfile_sugar - INFO - 初始化文件数据库, 根路径: /Users/xiehao/Desktop/workspace/X2AI/FinAI/DataBase
2025-07-21 14:05:01 - dbfile_sugar - DEBUG - 存储 dataframe 数据至 aibot_sentimental_sugar_researcher, 开始存储 pd.DataFrame 数据
2025-07-21 14:05:01 - dbfile_sugar - DEBUG - [存储 aibot_sentimental_sugar_researcher]: /Users/xiehao/Desktop/workspace/X2AI/FinAI/DataBase/aibot_sentimental_sugar_researcher
2025-07-21 14:05:01 - dbfile_sugar - DEBUG - 存储 dataframe 数据至 aibot_sentimental_sugar_researcher, 执行分区存储
2025-07-21 14:05:01 - dbfile_sugar - DEBUG - 存储 dataframe 数据至 aibot_sentimental_sugar_researcher, 待存储数据中有 5 个分区
2025-07-21 14:05:01 - dbfile_sugar - DEBUG - 存储 dataframe 数据至 aibot_sentimental_sugar_researcher, 执行目标分区存储: 202503
2025-07-21 14:05:01 - dbfile_sugar - DEBUG - 存储 dataframe 数据至 aibot_sentimental_sugar_researcher, 创建分区路径: /Users/xiehao/Desktop/workspace/X2AI/FinAI/DataBase/aibot_sentimental_sugar_researcher/partitionBy=202503
2025-07-21 14:05:01 - dbfile_sugar - DEBUG - 存储 dataframe 数据至 aibot_sentimental_sugar_researcher, 只有待入库数据, 根据主键去重: (69, 10)
2025-07-21 14:05:01 - dbfile_sugar - DEBUG - 存储 dataframe 数据至 aibot_sentimental_sugar_researcher, 将数据存储到目标文件中: /Users/xiehao/Desktop/workspace/X2AI/FinAI/DataBase/aibot_sentimental_sugar_researcher/partitionBy=202503/data.parquet
2025-07-21 14:05:01 - dbfile_sugar - DEBUG - 存储 dataframe 数据至 aibot_sentimental_sugar_researcher, 执行目标分区存储: 202504
2025-07-21 14:05:01 - dbfile_sugar - DEBUG - 存储 dataframe 数据至 aibot_sentimental_sugar_researcher, 创建分区路径: /Users/xiehao/Desktop/workspace/X2AI/FinAI/DataBase/aibot_sentimental_sugar_researcher/partitionBy=202504
2025-07-21 14:05:01 - dbfile_sugar - DEBUG - 存储 dataframe 数据至 aibot_sentimental_sugar_researcher, 只有待入库数据, 根据主键去重: (452, 10)
2025-07-21 14:05:01 - dbfile_sugar - DEBUG - 存储 dataframe 数据至 aibot_sentimental_sugar_researcher, 将数据存储到目标文件中: /Users/xiehao/Desktop/workspace/X2AI/FinAI/DataBase/aibot_sentimental_sugar_researcher/partitionBy=202504/data.parquet
2025-07-21 14:05:01 - dbfile_sugar - DEBUG - 存储 dataframe 数据至 aibot_sentimental_sugar_researcher, 执行目标分区存储: 202505
2025-07-21 14:05:01 - dbfile_sugar - DEBUG - 存储 dataframe 数据至 aibot_sentimental_sugar_researcher, 创建分区路径: /Users/xiehao/Desktop/workspace/X2AI/FinAI/DataBase/aibot_sentimental_sugar_researcher/partitionBy=202505
2025-07-21 14:05:01 - dbfile_sugar - DEBUG - 存储 dataframe 数据至 aibot_sentimental_sugar_researcher, 只有待入库数据, 根据主键去重: (359, 10)
2025-07-21 14:05:01 - dbfile_sugar - DEBUG - 存储 dataframe 数据至 aibot_sentimental_sugar_researcher, 将数据存储到目标文件中: /Users/xiehao/Desktop/workspace/X2AI/FinAI/DataBase/aibot_sentimental_sugar_researcher/partitionBy=202505/data.parquet
2025-07-21 14:05:01 - dbfile_sugar - DEBUG - 存储 dataframe 数据至 aibot_sentimental_sugar_researcher, 执行目标分区存储: 202506
2025-07-21 14:05:01 - dbfile_sugar - DEBUG - 存储 dataframe 数据至 aibot_sentimental_sugar_researcher, 创建分区路径: /Users/xiehao/Desktop/workspace/X2AI/FinAI/DataBase/aibot_sentimental_sugar_researcher/partitionBy=202506
2025-07-21 14:05:01 - dbfile_sugar - DEBUG - 存储 dataframe 数据至 aibot_sentimental_sugar_researcher, 只有待入库数据, 根据主键去重: (357, 10)
2025-07-21 14:05:01 - dbfile_sugar - DEBUG - 存储 dataframe 数据至 aibot_sentimental_sugar_researcher, 将数据存储到目标文件中: /Users/xiehao/Desktop/workspace/X2AI/FinAI/DataBase/aibot_sentimental_sugar_researcher/partitionBy=202506/data.parquet
2025-07-21 14:05:01 - dbfile_sugar - DEBUG - 存储 dataframe 数据至 aibot_sentimental_sugar_researcher, 执行目标分区存储: 202507
2025-07-21 14:05:01 - dbfile_sugar - DEBUG - 存储 dataframe 数据至 aibot_sentimental_sugar_researcher, 创建分区路径: /Users/xiehao/Desktop/workspace/X2AI/FinAI/DataBase/aibot_sentimental_sugar_researcher/partitionBy=202507
2025-07-21 14:05:01 - dbfile_sugar - DEBUG - 存储 dataframe 数据至 aibot_sentimental_sugar_researcher, 只有待入库数据, 根据主键去重: (198, 10)
2025-07-21 14:05:01 - dbfile_sugar - DEBUG - 存储 dataframe 数据至 aibot_sentimental_sugar_researcher, 将数据存储到目标文件中: /Users/xiehao/Desktop/workspace/X2AI/FinAI/DataBase/aibot_sentimental_sugar_researcher/partitionBy=202507/data.parquet
2025-07-21 14:05:01 - dbfile_sugar - INFO - 存储数据成功: aibot_sentimental_sugar_researcher
2025-07-21 14:06:22 - dbfile_sugar - INFO - 初始化文件数据库, 根路径: /Users/xiehao/Desktop/workspace/X2AI/FinAI/DataBase
2025-07-21 14:06:22 - DBFile - INFO - 初始化文件数据库, 根路径: /Users/xiehao/Desktop/workspace/X2AI/FinAI/DataBase
2025-07-21 14:06:22 - DBFile - INFO - 成功从 aibot_sentimental_sugar_researcher2 读取 dataframe 数据，数据大小: (1435, 9)
2025-07-21 14:06:22 - dbfile_sugar - DEBUG - 存储 dataframe 数据至 aibot_sentimental_sugar_researcher, 开始存储 pd.DataFrame 数据
2025-07-21 14:06:22 - dbfile_sugar - DEBUG - [存储 aibot_sentimental_sugar_researcher]: /Users/xiehao/Desktop/workspace/X2AI/FinAI/DataBase/aibot_sentimental_sugar_researcher
2025-07-21 14:06:22 - dbfile_sugar - DEBUG - 存储 dataframe 数据至 aibot_sentimental_sugar_researcher, 执行分区存储
2025-07-21 14:06:22 - dbfile_sugar - DEBUG - 存储 dataframe 数据至 aibot_sentimental_sugar_researcher, 待存储数据中有 5 个分区
2025-07-21 14:06:22 - dbfile_sugar - DEBUG - 存储 dataframe 数据至 aibot_sentimental_sugar_researcher, 执行目标分区存储: 202503
2025-07-21 14:06:22 - dbfile_sugar - DEBUG - 存储 dataframe 数据至 aibot_sentimental_sugar_researcher, 创建分区路径: /Users/xiehao/Desktop/workspace/X2AI/FinAI/DataBase/aibot_sentimental_sugar_researcher/partitionBy=202503
2025-07-21 14:06:22 - dbfile_sugar - DEBUG - 存储 dataframe 数据至 aibot_sentimental_sugar_researcher, 只有待入库数据, 根据主键去重: (69, 12)
2025-07-21 14:06:22 - dbfile_sugar - DEBUG - 存储 dataframe 数据至 aibot_sentimental_sugar_researcher, 将数据存储到目标文件中: /Users/xiehao/Desktop/workspace/X2AI/FinAI/DataBase/aibot_sentimental_sugar_researcher/partitionBy=202503/data.parquet
2025-07-21 14:06:22 - dbfile_sugar - DEBUG - 存储 dataframe 数据至 aibot_sentimental_sugar_researcher, 执行目标分区存储: 202504
2025-07-21 14:06:22 - dbfile_sugar - DEBUG - 存储 dataframe 数据至 aibot_sentimental_sugar_researcher, 创建分区路径: /Users/xiehao/Desktop/workspace/X2AI/FinAI/DataBase/aibot_sentimental_sugar_researcher/partitionBy=202504
2025-07-21 14:06:22 - dbfile_sugar - DEBUG - 存储 dataframe 数据至 aibot_sentimental_sugar_researcher, 只有待入库数据, 根据主键去重: (452, 12)
2025-07-21 14:06:22 - dbfile_sugar - DEBUG - 存储 dataframe 数据至 aibot_sentimental_sugar_researcher, 将数据存储到目标文件中: /Users/xiehao/Desktop/workspace/X2AI/FinAI/DataBase/aibot_sentimental_sugar_researcher/partitionBy=202504/data.parquet
2025-07-21 14:06:22 - dbfile_sugar - DEBUG - 存储 dataframe 数据至 aibot_sentimental_sugar_researcher, 执行目标分区存储: 202505
2025-07-21 14:06:22 - dbfile_sugar - DEBUG - 存储 dataframe 数据至 aibot_sentimental_sugar_researcher, 创建分区路径: /Users/xiehao/Desktop/workspace/X2AI/FinAI/DataBase/aibot_sentimental_sugar_researcher/partitionBy=202505
2025-07-21 14:06:22 - dbfile_sugar - DEBUG - 存储 dataframe 数据至 aibot_sentimental_sugar_researcher, 只有待入库数据, 根据主键去重: (359, 12)
2025-07-21 14:06:22 - dbfile_sugar - DEBUG - 存储 dataframe 数据至 aibot_sentimental_sugar_researcher, 将数据存储到目标文件中: /Users/xiehao/Desktop/workspace/X2AI/FinAI/DataBase/aibot_sentimental_sugar_researcher/partitionBy=202505/data.parquet
2025-07-21 14:06:22 - dbfile_sugar - DEBUG - 存储 dataframe 数据至 aibot_sentimental_sugar_researcher, 执行目标分区存储: 202506
2025-07-21 14:06:22 - dbfile_sugar - DEBUG - 存储 dataframe 数据至 aibot_sentimental_sugar_researcher, 创建分区路径: /Users/xiehao/Desktop/workspace/X2AI/FinAI/DataBase/aibot_sentimental_sugar_researcher/partitionBy=202506
2025-07-21 14:06:22 - dbfile_sugar - DEBUG - 存储 dataframe 数据至 aibot_sentimental_sugar_researcher, 只有待入库数据, 根据主键去重: (357, 12)
2025-07-21 14:06:22 - dbfile_sugar - DEBUG - 存储 dataframe 数据至 aibot_sentimental_sugar_researcher, 将数据存储到目标文件中: /Users/xiehao/Desktop/workspace/X2AI/FinAI/DataBase/aibot_sentimental_sugar_researcher/partitionBy=202506/data.parquet
2025-07-21 14:06:22 - dbfile_sugar - DEBUG - 存储 dataframe 数据至 aibot_sentimental_sugar_researcher, 执行目标分区存储: 202507
2025-07-21 14:06:22 - dbfile_sugar - DEBUG - 存储 dataframe 数据至 aibot_sentimental_sugar_researcher, 创建分区路径: /Users/xiehao/Desktop/workspace/X2AI/FinAI/DataBase/aibot_sentimental_sugar_researcher/partitionBy=202507
2025-07-21 14:06:22 - dbfile_sugar - DEBUG - 存储 dataframe 数据至 aibot_sentimental_sugar_researcher, 只有待入库数据, 根据主键去重: (198, 12)
2025-07-21 14:06:22 - dbfile_sugar - DEBUG - 存储 dataframe 数据至 aibot_sentimental_sugar_researcher, 将数据存储到目标文件中: /Users/xiehao/Desktop/workspace/X2AI/FinAI/DataBase/aibot_sentimental_sugar_researcher/partitionBy=202507/data.parquet
2025-07-21 14:06:22 - dbfile_sugar - INFO - 存储数据成功: aibot_sentimental_sugar_researcher
2025-07-21 14:06:33 - DBFile - INFO - 初始化文件数据库, 根路径: /Users/xiehao/Desktop/workspace/X2AI/FinAI/DataBase
2025-07-21 14:06:33 - DBFile - INFO - 成功从 aibot_sentimental_sugar_researcher 读取 dataframe 数据，数据大小: (1435, 11)
2025-07-21 14:07:00 - dbfile_sugar - INFO - 初始化文件数据库, 根路径: /Users/xiehao/Desktop/workspace/X2AI/FinAI/DataBase
2025-07-21 14:07:00 - dbfile_sugar - DEBUG - 读取 dataframe 数据, 表名: aisugar_hisugar
2025-07-21 14:07:00 - dbfile_sugar - DEBUG - 从 aisugar_hisugar 读取 dataframe 数据, 加载 metadata
2025-07-21 14:07:00 - dbfile_sugar - DEBUG - 从 aisugar_hisugar 读取 dataframe 数据, 执行分区读取
2025-07-21 14:07:00 - dbfile_sugar - INFO - 成功从 aisugar_hisugar 读取 dataframe 数据，数据大小: (33, 7)
2025-07-21 14:07:00 - dbfile_sugar - DEBUG - 读取 dataframe 数据, 表名: aibot_sentimental_sugar_researcher
2025-07-21 14:07:00 - dbfile_sugar - DEBUG - 从 aibot_sentimental_sugar_researcher 读取 dataframe 数据, 加载 metadata
2025-07-21 14:07:00 - dbfile_sugar - DEBUG - 从 aibot_sentimental_sugar_researcher 读取 dataframe 数据, 执行分区读取
2025-07-21 14:07:00 - dbfile_sugar - INFO - 成功从 aibot_sentimental_sugar_researcher 读取 dataframe 数据，数据大小: (19, 11)
2025-07-21 14:07:00 - dbfile_sugar - INFO - 初始化文件数据库, 根路径: /Users/xiehao/Desktop/workspace/X2AI/FinAI/DataBase
2025-07-21 14:07:00 - dbfile_sugar - DEBUG - 读取 dataframe 数据, 表名: aisugar_hisugar
2025-07-21 14:07:00 - dbfile_sugar - DEBUG - 从 aisugar_hisugar 读取 dataframe 数据, 加载 metadata
2025-07-21 14:07:00 - dbfile_sugar - DEBUG - 从 aisugar_hisugar 读取 dataframe 数据, 执行分区读取
2025-07-21 14:07:00 - dbfile_sugar - INFO - 成功从 aisugar_hisugar 读取 dataframe 数据，数据大小: (27, 7)
2025-07-21 14:07:00 - dbfile_sugar - DEBUG - 读取 dataframe 数据, 表名: aibot_sentimental_sugar_researcher
2025-07-21 14:07:00 - dbfile_sugar - DEBUG - 从 aibot_sentimental_sugar_researcher 读取 dataframe 数据, 加载 metadata
2025-07-21 14:07:00 - dbfile_sugar - DEBUG - 从 aibot_sentimental_sugar_researcher 读取 dataframe 数据, 执行分区读取
2025-07-21 14:07:00 - dbfile_sugar - INFO - 成功从 aibot_sentimental_sugar_researcher 读取 dataframe 数据，数据大小: (11, 11)
2025-07-21 14:07:00 - dbfile_sugar - INFO - 初始化文件数据库, 根路径: /Users/xiehao/Desktop/workspace/X2AI/FinAI/DataBase
2025-07-21 14:07:00 - dbfile_sugar - DEBUG - 读取 dataframe 数据, 表名: aisugar_hisugar
2025-07-21 14:07:00 - dbfile_sugar - DEBUG - 从 aisugar_hisugar 读取 dataframe 数据, 加载 metadata
2025-07-21 14:07:00 - dbfile_sugar - DEBUG - 从 aisugar_hisugar 读取 dataframe 数据, 执行分区读取
2025-07-21 14:07:00 - dbfile_sugar - INFO - 成功从 aisugar_hisugar 读取 dataframe 数据，数据大小: (20, 7)
2025-07-21 14:07:00 - dbfile_sugar - DEBUG - 读取 dataframe 数据, 表名: aibot_sentimental_sugar_researcher
2025-07-21 14:07:00 - dbfile_sugar - DEBUG - 从 aibot_sentimental_sugar_researcher 读取 dataframe 数据, 加载 metadata
2025-07-21 14:07:00 - dbfile_sugar - DEBUG - 从 aibot_sentimental_sugar_researcher 读取 dataframe 数据, 执行分区读取
2025-07-21 14:07:00 - dbfile_sugar - INFO - 成功从 aibot_sentimental_sugar_researcher 读取 dataframe 数据，数据大小: (9, 11)
2025-07-21 14:07:00 - dbfile_sugar - INFO - 初始化文件数据库, 根路径: /Users/xiehao/Desktop/workspace/X2AI/FinAI/DataBase
2025-07-21 14:07:00 - dbfile_sugar - DEBUG - 读取 dataframe 数据, 表名: aisugar_hisugar
2025-07-21 14:07:00 - dbfile_sugar - DEBUG - 从 aisugar_hisugar 读取 dataframe 数据, 加载 metadata
2025-07-21 14:07:00 - dbfile_sugar - DEBUG - 从 aisugar_hisugar 读取 dataframe 数据, 执行分区读取
2025-07-21 14:07:00 - dbfile_sugar - INFO - 成功从 aisugar_hisugar 读取 dataframe 数据，数据大小: (23, 7)
2025-07-21 14:07:00 - dbfile_sugar - DEBUG - 读取 dataframe 数据, 表名: aibot_sentimental_sugar_researcher
2025-07-21 14:07:00 - dbfile_sugar - DEBUG - 从 aibot_sentimental_sugar_researcher 读取 dataframe 数据, 加载 metadata
2025-07-21 14:07:00 - dbfile_sugar - DEBUG - 从 aibot_sentimental_sugar_researcher 读取 dataframe 数据, 执行分区读取
2025-07-21 14:07:00 - dbfile_sugar - INFO - 成功从 aibot_sentimental_sugar_researcher 读取 dataframe 数据，数据大小: (7, 11)
2025-07-21 14:07:00 - dbfile_sugar - DEBUG - 存储 dataframe 数据至 aibot_sentimental_sugar_researcher, 开始存储 pd.DataFrame 数据
2025-07-21 14:07:00 - dbfile_sugar - DEBUG - [存储 aibot_sentimental_sugar_researcher]: /Users/xiehao/Desktop/workspace/X2AI/FinAI/DataBase/aibot_sentimental_sugar_researcher
2025-07-21 14:07:00 - dbfile_sugar - DEBUG - 存储 dataframe 数据至 aibot_sentimental_sugar_researcher, 执行分区存储
2025-07-21 14:07:00 - dbfile_sugar - DEBUG - 存储 dataframe 数据至 aibot_sentimental_sugar_researcher, 待存储数据中有 1 个分区
2025-07-21 14:07:00 - dbfile_sugar - DEBUG - 存储 dataframe 数据至 aibot_sentimental_sugar_researcher, 执行目标分区存储: 202507
2025-07-21 14:07:00 - dbfile_sugar - DEBUG - 存储 dataframe 数据至 aibot_sentimental_sugar_researcher, 创建分区路径: /Users/xiehao/Desktop/workspace/X2AI/FinAI/DataBase/aibot_sentimental_sugar_researcher/partitionBy=202507
2025-07-21 14:07:00 - dbfile_sugar - DEBUG - 存储 dataframe 数据至 aibot_sentimental_sugar_researcher, 从文件中获取已存在数据: /Users/xiehao/Desktop/workspace/X2AI/FinAI/DataBase/aibot_sentimental_sugar_researcher/partitionBy=202507/data.parquet, 数据大小: (198, 11)
2025-07-21 14:07:00 - dbfile_sugar - DEBUG - 存储 dataframe 数据至 aibot_sentimental_sugar_researcher, 将目标数据与已有数据合并
2025-07-21 14:07:00 - dbfile_sugar - DEBUG - 存储 dataframe 数据至 aibot_sentimental_sugar_researcher, 合并后的数据大小: (203, 12)
2025-07-21 14:07:00 - dbfile_sugar - DEBUG - 存储 dataframe 数据至 aibot_sentimental_sugar_researcher, 将数据存储到目标文件中: /Users/xiehao/Desktop/workspace/X2AI/FinAI/DataBase/aibot_sentimental_sugar_researcher/partitionBy=202507/data.parquet
2025-07-21 14:07:00 - dbfile_sugar - INFO - 存储数据成功: aibot_sentimental_sugar_researcher
2025-07-21 14:07:00 - dbfile_sugar - INFO - 初始化文件数据库, 根路径: /Users/xiehao/Desktop/workspace/X2AI/FinAI/DataBase
2025-07-21 14:07:00 - dbfile_sugar - DEBUG - 读取 dataframe 数据, 表名: aisugar_hisugar
2025-07-21 14:07:00 - dbfile_sugar - DEBUG - 从 aisugar_hisugar 读取 dataframe 数据, 加载 metadata
2025-07-21 14:07:00 - dbfile_sugar - DEBUG - 从 aisugar_hisugar 读取 dataframe 数据, 执行分区读取
2025-07-21 14:07:00 - dbfile_sugar - INFO - 成功从 aisugar_hisugar 读取 dataframe 数据，数据大小: (32, 7)
2025-07-21 14:07:00 - dbfile_sugar - DEBUG - 读取 dataframe 数据, 表名: aibot_sentimental_sugar_researcher
2025-07-21 14:07:00 - dbfile_sugar - DEBUG - 从 aibot_sentimental_sugar_researcher 读取 dataframe 数据, 加载 metadata
2025-07-21 14:07:00 - dbfile_sugar - DEBUG - 从 aibot_sentimental_sugar_researcher 读取 dataframe 数据, 执行分区读取
2025-07-21 14:07:00 - dbfile_sugar - INFO - 成功从 aibot_sentimental_sugar_researcher 读取 dataframe 数据，数据大小: (0, 11)
2025-07-21 14:07:00 - dbfile_sugar - DEBUG - 存储 dataframe 数据至 aibot_sentimental_sugar_researcher, 开始存储 pd.DataFrame 数据
2025-07-21 14:07:00 - dbfile_sugar - DEBUG - [存储 aibot_sentimental_sugar_researcher]: /Users/xiehao/Desktop/workspace/X2AI/FinAI/DataBase/aibot_sentimental_sugar_researcher
2025-07-21 14:07:00 - dbfile_sugar - DEBUG - 存储 dataframe 数据至 aibot_sentimental_sugar_researcher, 执行分区存储
2025-07-21 14:07:00 - dbfile_sugar - DEBUG - 存储 dataframe 数据至 aibot_sentimental_sugar_researcher, 待存储数据中有 1 个分区
2025-07-21 14:07:00 - dbfile_sugar - DEBUG - 存储 dataframe 数据至 aibot_sentimental_sugar_researcher, 执行目标分区存储: 202507
2025-07-21 14:07:00 - dbfile_sugar - DEBUG - 存储 dataframe 数据至 aibot_sentimental_sugar_researcher, 创建分区路径: /Users/xiehao/Desktop/workspace/X2AI/FinAI/DataBase/aibot_sentimental_sugar_researcher/partitionBy=202507
2025-07-21 14:07:00 - dbfile_sugar - DEBUG - 存储 dataframe 数据至 aibot_sentimental_sugar_researcher, 从文件中获取已存在数据: /Users/xiehao/Desktop/workspace/X2AI/FinAI/DataBase/aibot_sentimental_sugar_researcher/partitionBy=202507/data.parquet, 数据大小: (203, 11)
2025-07-21 14:07:00 - dbfile_sugar - DEBUG - 存储 dataframe 数据至 aibot_sentimental_sugar_researcher, 将目标数据与已有数据合并
2025-07-21 14:07:00 - dbfile_sugar - DEBUG - 存储 dataframe 数据至 aibot_sentimental_sugar_researcher, 合并后的数据大小: (209, 12)
2025-07-21 14:07:00 - dbfile_sugar - DEBUG - 存储 dataframe 数据至 aibot_sentimental_sugar_researcher, 将数据存储到目标文件中: /Users/xiehao/Desktop/workspace/X2AI/FinAI/DataBase/aibot_sentimental_sugar_researcher/partitionBy=202507/data.parquet
2025-07-21 14:07:00 - dbfile_sugar - INFO - 存储数据成功: aibot_sentimental_sugar_researcher
2025-07-21 14:07:00 - dbfile_sugar - INFO - 初始化文件数据库, 根路径: /Users/xiehao/Desktop/workspace/X2AI/FinAI/DataBase
2025-07-21 14:07:00 - dbfile_sugar - DEBUG - 读取 dataframe 数据, 表名: aisugar_hisugar
2025-07-21 14:07:00 - dbfile_sugar - DEBUG - 从 aisugar_hisugar 读取 dataframe 数据, 加载 metadata
2025-07-21 14:07:00 - dbfile_sugar - DEBUG - 从 aisugar_hisugar 读取 dataframe 数据, 执行分区读取
2025-07-21 14:07:00 - dbfile_sugar - INFO - 成功从 aisugar_hisugar 读取 dataframe 数据，数据大小: (0, 7)
2025-07-21 14:07:00 - dbfile_sugar - INFO - 初始化文件数据库, 根路径: /Users/xiehao/Desktop/workspace/X2AI/FinAI/DataBase
2025-07-21 14:07:00 - dbfile_sugar - DEBUG - 读取 dataframe 数据, 表名: aisugar_hisugar
2025-07-21 14:07:00 - dbfile_sugar - DEBUG - 从 aisugar_hisugar 读取 dataframe 数据, 加载 metadata
2025-07-21 14:07:00 - dbfile_sugar - DEBUG - 从 aisugar_hisugar 读取 dataframe 数据, 执行分区读取
2025-07-21 14:07:00 - dbfile_sugar - INFO - 成功从 aisugar_hisugar 读取 dataframe 数据，数据大小: (1, 7)
2025-07-21 14:07:00 - dbfile_sugar - DEBUG - 读取 dataframe 数据, 表名: aibot_sentimental_sugar_researcher
2025-07-21 14:07:00 - dbfile_sugar - DEBUG - 从 aibot_sentimental_sugar_researcher 读取 dataframe 数据, 加载 metadata
2025-07-21 14:07:00 - dbfile_sugar - DEBUG - 从 aibot_sentimental_sugar_researcher 读取 dataframe 数据, 执行分区读取
2025-07-21 14:07:00 - dbfile_sugar - INFO - 成功从 aibot_sentimental_sugar_researcher 读取 dataframe 数据，数据大小: (0, 11)
2025-07-21 14:07:00 - dbfile_sugar - DEBUG - 存储 dataframe 数据至 aibot_sentimental_sugar_researcher, 开始存储 pd.DataFrame 数据
2025-07-21 14:07:00 - dbfile_sugar - DEBUG - [存储 aibot_sentimental_sugar_researcher]: /Users/xiehao/Desktop/workspace/X2AI/FinAI/DataBase/aibot_sentimental_sugar_researcher
2025-07-21 14:07:00 - dbfile_sugar - DEBUG - 存储 dataframe 数据至 aibot_sentimental_sugar_researcher, 执行分区存储
2025-07-21 14:07:00 - dbfile_sugar - DEBUG - 存储 dataframe 数据至 aibot_sentimental_sugar_researcher, 待存储数据中有 1 个分区
2025-07-21 14:07:00 - dbfile_sugar - DEBUG - 存储 dataframe 数据至 aibot_sentimental_sugar_researcher, 执行目标分区存储: 202507
2025-07-21 14:07:00 - dbfile_sugar - DEBUG - 存储 dataframe 数据至 aibot_sentimental_sugar_researcher, 创建分区路径: /Users/xiehao/Desktop/workspace/X2AI/FinAI/DataBase/aibot_sentimental_sugar_researcher/partitionBy=202507
2025-07-21 14:07:00 - dbfile_sugar - DEBUG - 存储 dataframe 数据至 aibot_sentimental_sugar_researcher, 从文件中获取已存在数据: /Users/xiehao/Desktop/workspace/X2AI/FinAI/DataBase/aibot_sentimental_sugar_researcher/partitionBy=202507/data.parquet, 数据大小: (209, 11)
2025-07-21 14:07:00 - dbfile_sugar - DEBUG - 存储 dataframe 数据至 aibot_sentimental_sugar_researcher, 将目标数据与已有数据合并
2025-07-21 14:07:00 - dbfile_sugar - DEBUG - 存储 dataframe 数据至 aibot_sentimental_sugar_researcher, 合并后的数据大小: (210, 12)
2025-07-21 14:07:00 - dbfile_sugar - DEBUG - 存储 dataframe 数据至 aibot_sentimental_sugar_researcher, 将数据存储到目标文件中: /Users/xiehao/Desktop/workspace/X2AI/FinAI/DataBase/aibot_sentimental_sugar_researcher/partitionBy=202507/data.parquet
2025-07-21 14:07:00 - dbfile_sugar - INFO - 存储数据成功: aibot_sentimental_sugar_researcher
2025-07-21 14:07:00 - dbfile_sugar - INFO - 初始化文件数据库, 根路径: /Users/xiehao/Desktop/workspace/X2AI/FinAI/DataBase
2025-07-21 14:07:00 - dbfile_sugar - DEBUG - 读取 dataframe 数据, 表名: aisugar_hisugar
2025-07-21 14:07:00 - dbfile_sugar - DEBUG - 从 aisugar_hisugar 读取 dataframe 数据, 加载 metadata
2025-07-21 14:07:00 - dbfile_sugar - DEBUG - 从 aisugar_hisugar 读取 dataframe 数据, 执行分区读取
2025-07-21 14:07:00 - dbfile_sugar - INFO - 成功从 aisugar_hisugar 读取 dataframe 数据，数据大小: (16, 7)
2025-07-21 14:07:00 - dbfile_sugar - DEBUG - 读取 dataframe 数据, 表名: aibot_sentimental_sugar_researcher
2025-07-21 14:07:00 - dbfile_sugar - DEBUG - 从 aibot_sentimental_sugar_researcher 读取 dataframe 数据, 加载 metadata
2025-07-21 14:07:00 - dbfile_sugar - DEBUG - 从 aibot_sentimental_sugar_researcher 读取 dataframe 数据, 执行分区读取
2025-07-21 14:07:00 - dbfile_sugar - INFO - 成功从 aibot_sentimental_sugar_researcher 读取 dataframe 数据，数据大小: (0, 11)
2025-07-21 14:07:00 - dbfile_sugar - DEBUG - 存储 dataframe 数据至 aibot_sentimental_sugar_researcher, 开始存储 pd.DataFrame 数据
2025-07-21 14:07:00 - dbfile_sugar - DEBUG - [存储 aibot_sentimental_sugar_researcher]: /Users/xiehao/Desktop/workspace/X2AI/FinAI/DataBase/aibot_sentimental_sugar_researcher
2025-07-21 14:07:00 - dbfile_sugar - DEBUG - 存储 dataframe 数据至 aibot_sentimental_sugar_researcher, 执行分区存储
2025-07-21 14:07:00 - dbfile_sugar - DEBUG - 存储 dataframe 数据至 aibot_sentimental_sugar_researcher, 待存储数据中有 1 个分区
2025-07-21 14:07:00 - dbfile_sugar - DEBUG - 存储 dataframe 数据至 aibot_sentimental_sugar_researcher, 执行目标分区存储: 202507
2025-07-21 14:07:00 - dbfile_sugar - DEBUG - 存储 dataframe 数据至 aibot_sentimental_sugar_researcher, 创建分区路径: /Users/xiehao/Desktop/workspace/X2AI/FinAI/DataBase/aibot_sentimental_sugar_researcher/partitionBy=202507
2025-07-21 14:07:00 - dbfile_sugar - DEBUG - 存储 dataframe 数据至 aibot_sentimental_sugar_researcher, 从文件中获取已存在数据: /Users/xiehao/Desktop/workspace/X2AI/FinAI/DataBase/aibot_sentimental_sugar_researcher/partitionBy=202507/data.parquet, 数据大小: (210, 11)
2025-07-21 14:07:00 - dbfile_sugar - DEBUG - 存储 dataframe 数据至 aibot_sentimental_sugar_researcher, 将目标数据与已有数据合并
2025-07-21 14:07:00 - dbfile_sugar - DEBUG - 存储 dataframe 数据至 aibot_sentimental_sugar_researcher, 合并后的数据大小: (218, 12)
2025-07-21 14:07:00 - dbfile_sugar - DEBUG - 存储 dataframe 数据至 aibot_sentimental_sugar_researcher, 将数据存储到目标文件中: /Users/xiehao/Desktop/workspace/X2AI/FinAI/DataBase/aibot_sentimental_sugar_researcher/partitionBy=202507/data.parquet
2025-07-21 14:07:00 - dbfile_sugar - INFO - 存储数据成功: aibot_sentimental_sugar_researcher
2025-07-21 14:08:50 - DBFile - INFO - 初始化文件数据库, 根路径: /Users/xiehao/Desktop/workspace/X2AI/FinAI/DataBase
2025-07-21 14:08:50 - DBFile - INFO - 成功从 aibot_sentimental_sugar_researcher 读取 dataframe 数据，数据大小: (1455, 11)
2025-07-21 14:09:13 - DBFile - INFO - 初始化文件数据库, 根路径: /Users/xiehao/Desktop/workspace/X2AI/FinAI/DataBase
2025-07-21 14:09:13 - DBFile - INFO - 成功从 aibot_sentimental_sugar_researcher 读取 dataframe 数据，数据大小: (15, 11)
2025-07-21 14:09:44 - DBFile - INFO - 初始化文件数据库, 根路径: /Users/xiehao/Desktop/workspace/X2AI/FinAI/DataBase
2025-07-21 14:09:45 - DBFile - INFO - 成功从 aibot_sentimental_sugar_researcher 读取 dataframe 数据，数据大小: (47, 11)
2025-07-21 14:10:30 - DBFile - INFO - 初始化文件数据库, 根路径: /Users/xiehao/Desktop/workspace/X2AI/FinAI/DataBase
2025-07-21 14:10:30 - DBFile - INFO - 成功从 aibot_sentimental_sugar_researcher 读取 dataframe 数据，数据大小: (47, 11)
2025-07-21 14:12:49 - dbfile_sugar - INFO - 初始化文件数据库, 根路径: /Users/xiehao/Desktop/workspace/X2AI/FinAI/DataBase
2025-07-21 14:12:49 - DBFile - INFO - 初始化文件数据库, 根路径: /Users/xiehao/Desktop/workspace/X2AI/FinAI/DataBase
2025-07-21 14:12:49 - DBFile - INFO - 成功从 aibot_sentimental_sugar_researcher2 读取 dataframe 数据，数据大小: (1435, 9)
2025-07-21 14:12:49 - dbfile_sugar - DEBUG - 存储 dataframe 数据至 aibot_sentimental_sugar_researcher, 开始存储 pd.DataFrame 数据
2025-07-21 14:12:49 - dbfile_sugar - DEBUG - [存储 aibot_sentimental_sugar_researcher]: /Users/xiehao/Desktop/workspace/X2AI/FinAI/DataBase/aibot_sentimental_sugar_researcher
2025-07-21 14:12:49 - dbfile_sugar - DEBUG - 存储 dataframe 数据至 aibot_sentimental_sugar_researcher, 执行分区存储
2025-07-21 14:12:49 - dbfile_sugar - DEBUG - 存储 dataframe 数据至 aibot_sentimental_sugar_researcher, 待存储数据中有 5 个分区
2025-07-21 14:12:49 - dbfile_sugar - DEBUG - 存储 dataframe 数据至 aibot_sentimental_sugar_researcher, 执行目标分区存储: 202503
2025-07-21 14:12:49 - dbfile_sugar - DEBUG - 存储 dataframe 数据至 aibot_sentimental_sugar_researcher, 创建分区路径: /Users/xiehao/Desktop/workspace/X2AI/FinAI/DataBase/aibot_sentimental_sugar_researcher/partitionBy=202503
2025-07-21 14:12:49 - dbfile_sugar - DEBUG - 存储 dataframe 数据至 aibot_sentimental_sugar_researcher, 只有待入库数据, 根据主键去重: (69, 12)
2025-07-21 14:12:49 - dbfile_sugar - DEBUG - 存储 dataframe 数据至 aibot_sentimental_sugar_researcher, 将数据存储到目标文件中: /Users/xiehao/Desktop/workspace/X2AI/FinAI/DataBase/aibot_sentimental_sugar_researcher/partitionBy=202503/data.parquet
2025-07-21 14:12:49 - dbfile_sugar - DEBUG - 存储 dataframe 数据至 aibot_sentimental_sugar_researcher, 执行目标分区存储: 202504
2025-07-21 14:12:49 - dbfile_sugar - DEBUG - 存储 dataframe 数据至 aibot_sentimental_sugar_researcher, 创建分区路径: /Users/xiehao/Desktop/workspace/X2AI/FinAI/DataBase/aibot_sentimental_sugar_researcher/partitionBy=202504
2025-07-21 14:12:49 - dbfile_sugar - DEBUG - 存储 dataframe 数据至 aibot_sentimental_sugar_researcher, 只有待入库数据, 根据主键去重: (452, 12)
2025-07-21 14:12:49 - dbfile_sugar - DEBUG - 存储 dataframe 数据至 aibot_sentimental_sugar_researcher, 将数据存储到目标文件中: /Users/xiehao/Desktop/workspace/X2AI/FinAI/DataBase/aibot_sentimental_sugar_researcher/partitionBy=202504/data.parquet
2025-07-21 14:12:49 - dbfile_sugar - DEBUG - 存储 dataframe 数据至 aibot_sentimental_sugar_researcher, 执行目标分区存储: 202505
2025-07-21 14:12:49 - dbfile_sugar - DEBUG - 存储 dataframe 数据至 aibot_sentimental_sugar_researcher, 创建分区路径: /Users/xiehao/Desktop/workspace/X2AI/FinAI/DataBase/aibot_sentimental_sugar_researcher/partitionBy=202505
2025-07-21 14:12:49 - dbfile_sugar - DEBUG - 存储 dataframe 数据至 aibot_sentimental_sugar_researcher, 只有待入库数据, 根据主键去重: (359, 12)
2025-07-21 14:12:49 - dbfile_sugar - DEBUG - 存储 dataframe 数据至 aibot_sentimental_sugar_researcher, 将数据存储到目标文件中: /Users/xiehao/Desktop/workspace/X2AI/FinAI/DataBase/aibot_sentimental_sugar_researcher/partitionBy=202505/data.parquet
2025-07-21 14:12:49 - dbfile_sugar - DEBUG - 存储 dataframe 数据至 aibot_sentimental_sugar_researcher, 执行目标分区存储: 202506
2025-07-21 14:12:49 - dbfile_sugar - DEBUG - 存储 dataframe 数据至 aibot_sentimental_sugar_researcher, 创建分区路径: /Users/xiehao/Desktop/workspace/X2AI/FinAI/DataBase/aibot_sentimental_sugar_researcher/partitionBy=202506
2025-07-21 14:12:49 - dbfile_sugar - DEBUG - 存储 dataframe 数据至 aibot_sentimental_sugar_researcher, 只有待入库数据, 根据主键去重: (357, 12)
2025-07-21 14:12:49 - dbfile_sugar - DEBUG - 存储 dataframe 数据至 aibot_sentimental_sugar_researcher, 将数据存储到目标文件中: /Users/xiehao/Desktop/workspace/X2AI/FinAI/DataBase/aibot_sentimental_sugar_researcher/partitionBy=202506/data.parquet
2025-07-21 14:12:49 - dbfile_sugar - DEBUG - 存储 dataframe 数据至 aibot_sentimental_sugar_researcher, 执行目标分区存储: 202507
2025-07-21 14:12:49 - dbfile_sugar - DEBUG - 存储 dataframe 数据至 aibot_sentimental_sugar_researcher, 创建分区路径: /Users/xiehao/Desktop/workspace/X2AI/FinAI/DataBase/aibot_sentimental_sugar_researcher/partitionBy=202507
2025-07-21 14:12:49 - dbfile_sugar - DEBUG - 存储 dataframe 数据至 aibot_sentimental_sugar_researcher, 只有待入库数据, 根据主键去重: (198, 12)
2025-07-21 14:12:49 - dbfile_sugar - DEBUG - 存储 dataframe 数据至 aibot_sentimental_sugar_researcher, 将数据存储到目标文件中: /Users/xiehao/Desktop/workspace/X2AI/FinAI/DataBase/aibot_sentimental_sugar_researcher/partitionBy=202507/data.parquet
2025-07-21 14:12:49 - dbfile_sugar - INFO - 存储数据成功: aibot_sentimental_sugar_researcher
2025-07-21 14:12:49 - DBFile - INFO - 初始化文件数据库, 根路径: /Users/xiehao/Desktop/workspace/X2AI/FinAI/DataBase
2025-07-21 14:12:49 - DBFile - INFO - 成功从 aibot_sentimental_sugar_researcher 读取 dataframe 数据，数据大小: (27, 11)
2025-07-21 14:12:51 - DBFile - INFO - 初始化文件数据库, 根路径: /Users/xiehao/Desktop/workspace/X2AI/FinAI/DataBase
2025-07-21 14:12:51 - DBFile - INFO - 成功从 aibot_sentimental_sugar_researcher 读取 dataframe 数据，数据大小: (27, 11)
2025-07-21 14:13:17 - dbfile_sugar - INFO - 初始化文件数据库, 根路径: /Users/xiehao/Desktop/workspace/X2AI/FinAI/DataBase
2025-07-21 14:13:17 - dbfile_sugar - DEBUG - 读取 dataframe 数据, 表名: aisugar_hisugar
2025-07-21 14:13:17 - dbfile_sugar - DEBUG - 从 aisugar_hisugar 读取 dataframe 数据, 加载 metadata
2025-07-21 14:13:17 - dbfile_sugar - DEBUG - 从 aisugar_hisugar 读取 dataframe 数据, 执行分区读取
2025-07-21 14:13:17 - dbfile_sugar - INFO - 成功从 aisugar_hisugar 读取 dataframe 数据，数据大小: (33, 7)
2025-07-21 14:13:17 - dbfile_sugar - DEBUG - 读取 dataframe 数据, 表名: aibot_sentimental_sugar_researcher
2025-07-21 14:13:17 - dbfile_sugar - DEBUG - 从 aibot_sentimental_sugar_researcher 读取 dataframe 数据, 加载 metadata
2025-07-21 14:13:17 - dbfile_sugar - DEBUG - 从 aibot_sentimental_sugar_researcher 读取 dataframe 数据, 执行分区读取
2025-07-21 14:13:17 - dbfile_sugar - INFO - 成功从 aibot_sentimental_sugar_researcher 读取 dataframe 数据，数据大小: (19, 11)
2025-07-21 14:13:17 - dbfile_sugar - INFO - 初始化文件数据库, 根路径: /Users/xiehao/Desktop/workspace/X2AI/FinAI/DataBase
2025-07-21 14:13:17 - dbfile_sugar - DEBUG - 读取 dataframe 数据, 表名: aisugar_hisugar
2025-07-21 14:13:17 - dbfile_sugar - DEBUG - 从 aisugar_hisugar 读取 dataframe 数据, 加载 metadata
2025-07-21 14:13:17 - dbfile_sugar - DEBUG - 从 aisugar_hisugar 读取 dataframe 数据, 执行分区读取
2025-07-21 14:13:17 - dbfile_sugar - INFO - 成功从 aisugar_hisugar 读取 dataframe 数据，数据大小: (27, 7)
2025-07-21 14:13:17 - dbfile_sugar - DEBUG - 读取 dataframe 数据, 表名: aibot_sentimental_sugar_researcher
2025-07-21 14:13:17 - dbfile_sugar - DEBUG - 从 aibot_sentimental_sugar_researcher 读取 dataframe 数据, 加载 metadata
2025-07-21 14:13:17 - dbfile_sugar - DEBUG - 从 aibot_sentimental_sugar_researcher 读取 dataframe 数据, 执行分区读取
2025-07-21 14:13:17 - dbfile_sugar - INFO - 成功从 aibot_sentimental_sugar_researcher 读取 dataframe 数据，数据大小: (11, 11)
2025-07-21 14:13:17 - dbfile_sugar - INFO - 初始化文件数据库, 根路径: /Users/xiehao/Desktop/workspace/X2AI/FinAI/DataBase
2025-07-21 14:13:17 - dbfile_sugar - DEBUG - 读取 dataframe 数据, 表名: aisugar_hisugar
2025-07-21 14:13:17 - dbfile_sugar - DEBUG - 从 aisugar_hisugar 读取 dataframe 数据, 加载 metadata
2025-07-21 14:13:17 - dbfile_sugar - DEBUG - 从 aisugar_hisugar 读取 dataframe 数据, 执行分区读取
2025-07-21 14:13:17 - dbfile_sugar - INFO - 成功从 aisugar_hisugar 读取 dataframe 数据，数据大小: (20, 7)
2025-07-21 14:13:17 - dbfile_sugar - DEBUG - 读取 dataframe 数据, 表名: aibot_sentimental_sugar_researcher
2025-07-21 14:13:17 - dbfile_sugar - DEBUG - 从 aibot_sentimental_sugar_researcher 读取 dataframe 数据, 加载 metadata
2025-07-21 14:13:17 - dbfile_sugar - DEBUG - 从 aibot_sentimental_sugar_researcher 读取 dataframe 数据, 执行分区读取
2025-07-21 14:13:17 - dbfile_sugar - INFO - 成功从 aibot_sentimental_sugar_researcher 读取 dataframe 数据，数据大小: (9, 11)
2025-07-21 14:13:17 - dbfile_sugar - INFO - 初始化文件数据库, 根路径: /Users/xiehao/Desktop/workspace/X2AI/FinAI/DataBase
2025-07-21 14:13:17 - dbfile_sugar - DEBUG - 读取 dataframe 数据, 表名: aisugar_hisugar
2025-07-21 14:13:17 - dbfile_sugar - DEBUG - 从 aisugar_hisugar 读取 dataframe 数据, 加载 metadata
2025-07-21 14:13:17 - dbfile_sugar - DEBUG - 从 aisugar_hisugar 读取 dataframe 数据, 执行分区读取
2025-07-21 14:13:17 - dbfile_sugar - INFO - 成功从 aisugar_hisugar 读取 dataframe 数据，数据大小: (23, 7)
2025-07-21 14:13:17 - dbfile_sugar - DEBUG - 读取 dataframe 数据, 表名: aibot_sentimental_sugar_researcher
2025-07-21 14:13:17 - dbfile_sugar - DEBUG - 从 aibot_sentimental_sugar_researcher 读取 dataframe 数据, 加载 metadata
2025-07-21 14:13:17 - dbfile_sugar - DEBUG - 从 aibot_sentimental_sugar_researcher 读取 dataframe 数据, 执行分区读取
2025-07-21 14:13:17 - dbfile_sugar - INFO - 成功从 aibot_sentimental_sugar_researcher 读取 dataframe 数据，数据大小: (7, 11)
2025-07-21 14:13:35 - dbfile_sugar - INFO - 初始化文件数据库, 根路径: /Users/xiehao/Desktop/workspace/X2AI/FinAI/DataBase
2025-07-21 14:13:35 - dbfile_sugar - DEBUG - 读取 dataframe 数据, 表名: aisugar_hisugar
2025-07-21 14:13:35 - dbfile_sugar - DEBUG - 从 aisugar_hisugar 读取 dataframe 数据, 加载 metadata
2025-07-21 14:13:35 - dbfile_sugar - DEBUG - 从 aisugar_hisugar 读取 dataframe 数据, 执行分区读取
2025-07-21 14:13:35 - dbfile_sugar - INFO - 成功从 aisugar_hisugar 读取 dataframe 数据，数据大小: (33, 7)
2025-07-21 14:13:35 - dbfile_sugar - DEBUG - 读取 dataframe 数据, 表名: aibot_sentimental_sugar_researcher
2025-07-21 14:13:35 - dbfile_sugar - DEBUG - 从 aibot_sentimental_sugar_researcher 读取 dataframe 数据, 加载 metadata
2025-07-21 14:13:35 - dbfile_sugar - DEBUG - 从 aibot_sentimental_sugar_researcher 读取 dataframe 数据, 执行分区读取
2025-07-21 14:13:35 - dbfile_sugar - INFO - 成功从 aibot_sentimental_sugar_researcher 读取 dataframe 数据，数据大小: (19, 11)
2025-07-21 14:13:35 - dbfile_sugar - INFO - 初始化文件数据库, 根路径: /Users/xiehao/Desktop/workspace/X2AI/FinAI/DataBase
2025-07-21 14:13:35 - dbfile_sugar - DEBUG - 读取 dataframe 数据, 表名: aisugar_hisugar
2025-07-21 14:13:35 - dbfile_sugar - DEBUG - 从 aisugar_hisugar 读取 dataframe 数据, 加载 metadata
2025-07-21 14:13:35 - dbfile_sugar - DEBUG - 从 aisugar_hisugar 读取 dataframe 数据, 执行分区读取
2025-07-21 14:13:35 - dbfile_sugar - INFO - 成功从 aisugar_hisugar 读取 dataframe 数据，数据大小: (27, 7)
2025-07-21 14:13:35 - dbfile_sugar - DEBUG - 读取 dataframe 数据, 表名: aibot_sentimental_sugar_researcher
2025-07-21 14:13:35 - dbfile_sugar - DEBUG - 从 aibot_sentimental_sugar_researcher 读取 dataframe 数据, 加载 metadata
2025-07-21 14:13:35 - dbfile_sugar - DEBUG - 从 aibot_sentimental_sugar_researcher 读取 dataframe 数据, 执行分区读取
2025-07-21 14:13:35 - dbfile_sugar - INFO - 成功从 aibot_sentimental_sugar_researcher 读取 dataframe 数据，数据大小: (11, 11)
2025-07-21 14:13:35 - dbfile_sugar - INFO - 初始化文件数据库, 根路径: /Users/xiehao/Desktop/workspace/X2AI/FinAI/DataBase
2025-07-21 14:13:35 - dbfile_sugar - DEBUG - 读取 dataframe 数据, 表名: aisugar_hisugar
2025-07-21 14:13:35 - dbfile_sugar - DEBUG - 从 aisugar_hisugar 读取 dataframe 数据, 加载 metadata
2025-07-21 14:13:35 - dbfile_sugar - DEBUG - 从 aisugar_hisugar 读取 dataframe 数据, 执行分区读取
2025-07-21 14:13:35 - dbfile_sugar - INFO - 成功从 aisugar_hisugar 读取 dataframe 数据，数据大小: (20, 7)
2025-07-21 14:13:35 - dbfile_sugar - DEBUG - 读取 dataframe 数据, 表名: aibot_sentimental_sugar_researcher
2025-07-21 14:13:35 - dbfile_sugar - DEBUG - 从 aibot_sentimental_sugar_researcher 读取 dataframe 数据, 加载 metadata
2025-07-21 14:13:35 - dbfile_sugar - DEBUG - 从 aibot_sentimental_sugar_researcher 读取 dataframe 数据, 执行分区读取
2025-07-21 14:13:35 - dbfile_sugar - INFO - 成功从 aibot_sentimental_sugar_researcher 读取 dataframe 数据，数据大小: (9, 11)
2025-07-21 14:13:35 - dbfile_sugar - INFO - 初始化文件数据库, 根路径: /Users/xiehao/Desktop/workspace/X2AI/FinAI/DataBase
2025-07-21 14:13:35 - dbfile_sugar - DEBUG - 读取 dataframe 数据, 表名: aisugar_hisugar
2025-07-21 14:13:35 - dbfile_sugar - DEBUG - 从 aisugar_hisugar 读取 dataframe 数据, 加载 metadata
2025-07-21 14:13:35 - dbfile_sugar - DEBUG - 从 aisugar_hisugar 读取 dataframe 数据, 执行分区读取
2025-07-21 14:13:35 - dbfile_sugar - INFO - 成功从 aisugar_hisugar 读取 dataframe 数据，数据大小: (23, 7)
2025-07-21 14:13:35 - dbfile_sugar - DEBUG - 读取 dataframe 数据, 表名: aibot_sentimental_sugar_researcher
2025-07-21 14:13:35 - dbfile_sugar - DEBUG - 从 aibot_sentimental_sugar_researcher 读取 dataframe 数据, 加载 metadata
2025-07-21 14:13:35 - dbfile_sugar - DEBUG - 从 aibot_sentimental_sugar_researcher 读取 dataframe 数据, 执行分区读取
2025-07-21 14:13:35 - dbfile_sugar - INFO - 成功从 aibot_sentimental_sugar_researcher 读取 dataframe 数据，数据大小: (7, 11)
2025-07-21 14:13:35 - dbfile_sugar - INFO - 初始化文件数据库, 根路径: /Users/xiehao/Desktop/workspace/X2AI/FinAI/DataBase
2025-07-21 14:13:35 - dbfile_sugar - DEBUG - 读取 dataframe 数据, 表名: aisugar_hisugar
2025-07-21 14:13:35 - dbfile_sugar - DEBUG - 从 aisugar_hisugar 读取 dataframe 数据, 加载 metadata
2025-07-21 14:13:35 - dbfile_sugar - DEBUG - 从 aisugar_hisugar 读取 dataframe 数据, 执行分区读取
2025-07-21 14:13:35 - dbfile_sugar - INFO - 成功从 aisugar_hisugar 读取 dataframe 数据，数据大小: (32, 7)
2025-07-21 14:13:35 - dbfile_sugar - DEBUG - 读取 dataframe 数据, 表名: aibot_sentimental_sugar_researcher
2025-07-21 14:13:35 - dbfile_sugar - DEBUG - 从 aibot_sentimental_sugar_researcher 读取 dataframe 数据, 加载 metadata
2025-07-21 14:13:35 - dbfile_sugar - DEBUG - 从 aibot_sentimental_sugar_researcher 读取 dataframe 数据, 执行分区读取
2025-07-21 14:13:35 - dbfile_sugar - INFO - 成功从 aibot_sentimental_sugar_researcher 读取 dataframe 数据，数据大小: (0, 11)
2025-07-21 14:13:35 - dbfile_sugar - INFO - 初始化文件数据库, 根路径: /Users/xiehao/Desktop/workspace/X2AI/FinAI/DataBase
2025-07-21 14:13:35 - dbfile_sugar - DEBUG - 读取 dataframe 数据, 表名: aisugar_hisugar
2025-07-21 14:13:35 - dbfile_sugar - DEBUG - 从 aisugar_hisugar 读取 dataframe 数据, 加载 metadata
2025-07-21 14:13:35 - dbfile_sugar - DEBUG - 从 aisugar_hisugar 读取 dataframe 数据, 执行分区读取
2025-07-21 14:13:35 - dbfile_sugar - INFO - 成功从 aisugar_hisugar 读取 dataframe 数据，数据大小: (0, 7)
2025-07-21 14:13:35 - dbfile_sugar - INFO - 初始化文件数据库, 根路径: /Users/xiehao/Desktop/workspace/X2AI/FinAI/DataBase
2025-07-21 14:13:35 - dbfile_sugar - DEBUG - 读取 dataframe 数据, 表名: aisugar_hisugar
2025-07-21 14:13:35 - dbfile_sugar - DEBUG - 从 aisugar_hisugar 读取 dataframe 数据, 加载 metadata
2025-07-21 14:13:35 - dbfile_sugar - DEBUG - 从 aisugar_hisugar 读取 dataframe 数据, 执行分区读取
2025-07-21 14:13:35 - dbfile_sugar - INFO - 成功从 aisugar_hisugar 读取 dataframe 数据，数据大小: (1, 7)
2025-07-21 14:13:35 - dbfile_sugar - DEBUG - 读取 dataframe 数据, 表名: aibot_sentimental_sugar_researcher
2025-07-21 14:13:35 - dbfile_sugar - DEBUG - 从 aibot_sentimental_sugar_researcher 读取 dataframe 数据, 加载 metadata
2025-07-21 14:13:35 - dbfile_sugar - DEBUG - 从 aibot_sentimental_sugar_researcher 读取 dataframe 数据, 执行分区读取
2025-07-21 14:13:35 - dbfile_sugar - INFO - 成功从 aibot_sentimental_sugar_researcher 读取 dataframe 数据，数据大小: (0, 11)
2025-07-21 14:13:35 - dbfile_sugar - INFO - 初始化文件数据库, 根路径: /Users/xiehao/Desktop/workspace/X2AI/FinAI/DataBase
2025-07-21 14:13:35 - dbfile_sugar - DEBUG - 读取 dataframe 数据, 表名: aisugar_hisugar
2025-07-21 14:13:35 - dbfile_sugar - DEBUG - 从 aisugar_hisugar 读取 dataframe 数据, 加载 metadata
2025-07-21 14:13:35 - dbfile_sugar - DEBUG - 从 aisugar_hisugar 读取 dataframe 数据, 执行分区读取
2025-07-21 14:13:35 - dbfile_sugar - INFO - 成功从 aisugar_hisugar 读取 dataframe 数据，数据大小: (16, 7)
2025-07-21 14:13:35 - dbfile_sugar - DEBUG - 读取 dataframe 数据, 表名: aibot_sentimental_sugar_researcher
2025-07-21 14:13:35 - dbfile_sugar - DEBUG - 从 aibot_sentimental_sugar_researcher 读取 dataframe 数据, 加载 metadata
2025-07-21 14:13:35 - dbfile_sugar - DEBUG - 从 aibot_sentimental_sugar_researcher 读取 dataframe 数据, 执行分区读取
2025-07-21 14:13:35 - dbfile_sugar - INFO - 成功从 aibot_sentimental_sugar_researcher 读取 dataframe 数据，数据大小: (0, 11)
2025-07-21 14:13:45 - DBFile - INFO - 初始化文件数据库, 根路径: /Users/xiehao/Desktop/workspace/X2AI/FinAI/DataBase
2025-07-21 14:13:45 - DBFile - INFO - 成功从 aibot_sentimental_sugar_researcher 读取 dataframe 数据，数据大小: (27, 11)
2025-07-21 14:14:09 - dbfile_sugar - INFO - 初始化文件数据库, 根路径: /Users/xiehao/Desktop/workspace/X2AI/FinAI/DataBase
2025-07-21 14:14:09 - dbfile_sugar - DEBUG - 读取 dataframe 数据, 表名: aisugar_hisugar
2025-07-21 14:14:09 - dbfile_sugar - DEBUG - 从 aisugar_hisugar 读取 dataframe 数据, 加载 metadata
2025-07-21 14:14:09 - dbfile_sugar - DEBUG - 从 aisugar_hisugar 读取 dataframe 数据, 执行分区读取
2025-07-21 14:14:09 - dbfile_sugar - INFO - 成功从 aisugar_hisugar 读取 dataframe 数据，数据大小: (33, 7)
2025-07-21 14:14:09 - dbfile_sugar - DEBUG - 读取 dataframe 数据, 表名: aibot_sentimental_sugar_researcher
2025-07-21 14:14:09 - dbfile_sugar - DEBUG - 从 aibot_sentimental_sugar_researcher 读取 dataframe 数据, 加载 metadata
2025-07-21 14:14:09 - dbfile_sugar - DEBUG - 从 aibot_sentimental_sugar_researcher 读取 dataframe 数据, 执行分区读取
2025-07-21 14:14:09 - dbfile_sugar - INFO - 成功从 aibot_sentimental_sugar_researcher 读取 dataframe 数据，数据大小: (19, 11)
2025-07-21 14:14:09 - dbfile_sugar - INFO - 初始化文件数据库, 根路径: /Users/xiehao/Desktop/workspace/X2AI/FinAI/DataBase
2025-07-21 14:14:09 - dbfile_sugar - DEBUG - 读取 dataframe 数据, 表名: aisugar_hisugar
2025-07-21 14:14:09 - dbfile_sugar - DEBUG - 从 aisugar_hisugar 读取 dataframe 数据, 加载 metadata
2025-07-21 14:14:09 - dbfile_sugar - DEBUG - 从 aisugar_hisugar 读取 dataframe 数据, 执行分区读取
2025-07-21 14:14:09 - dbfile_sugar - INFO - 成功从 aisugar_hisugar 读取 dataframe 数据，数据大小: (27, 7)
2025-07-21 14:14:09 - dbfile_sugar - DEBUG - 读取 dataframe 数据, 表名: aibot_sentimental_sugar_researcher
2025-07-21 14:14:09 - dbfile_sugar - DEBUG - 从 aibot_sentimental_sugar_researcher 读取 dataframe 数据, 加载 metadata
2025-07-21 14:14:09 - dbfile_sugar - DEBUG - 从 aibot_sentimental_sugar_researcher 读取 dataframe 数据, 执行分区读取
2025-07-21 14:14:09 - dbfile_sugar - INFO - 成功从 aibot_sentimental_sugar_researcher 读取 dataframe 数据，数据大小: (11, 11)
2025-07-21 14:14:10 - dbfile_sugar - INFO - 初始化文件数据库, 根路径: /Users/xiehao/Desktop/workspace/X2AI/FinAI/DataBase
2025-07-21 14:14:10 - dbfile_sugar - DEBUG - 读取 dataframe 数据, 表名: aisugar_hisugar
2025-07-21 14:14:10 - dbfile_sugar - DEBUG - 从 aisugar_hisugar 读取 dataframe 数据, 加载 metadata
2025-07-21 14:14:10 - dbfile_sugar - DEBUG - 从 aisugar_hisugar 读取 dataframe 数据, 执行分区读取
2025-07-21 14:14:10 - dbfile_sugar - INFO - 成功从 aisugar_hisugar 读取 dataframe 数据，数据大小: (20, 7)
2025-07-21 14:14:10 - dbfile_sugar - DEBUG - 读取 dataframe 数据, 表名: aibot_sentimental_sugar_researcher
2025-07-21 14:14:10 - dbfile_sugar - DEBUG - 从 aibot_sentimental_sugar_researcher 读取 dataframe 数据, 加载 metadata
2025-07-21 14:14:10 - dbfile_sugar - DEBUG - 从 aibot_sentimental_sugar_researcher 读取 dataframe 数据, 执行分区读取
2025-07-21 14:14:10 - dbfile_sugar - INFO - 成功从 aibot_sentimental_sugar_researcher 读取 dataframe 数据，数据大小: (9, 11)
2025-07-21 14:14:10 - dbfile_sugar - INFO - 初始化文件数据库, 根路径: /Users/xiehao/Desktop/workspace/X2AI/FinAI/DataBase
2025-07-21 14:14:10 - dbfile_sugar - DEBUG - 读取 dataframe 数据, 表名: aisugar_hisugar
2025-07-21 14:14:10 - dbfile_sugar - DEBUG - 从 aisugar_hisugar 读取 dataframe 数据, 加载 metadata
2025-07-21 14:14:10 - dbfile_sugar - DEBUG - 从 aisugar_hisugar 读取 dataframe 数据, 执行分区读取
2025-07-21 14:14:10 - dbfile_sugar - INFO - 成功从 aisugar_hisugar 读取 dataframe 数据，数据大小: (23, 7)
2025-07-21 14:14:10 - dbfile_sugar - DEBUG - 读取 dataframe 数据, 表名: aibot_sentimental_sugar_researcher
2025-07-21 14:14:10 - dbfile_sugar - DEBUG - 从 aibot_sentimental_sugar_researcher 读取 dataframe 数据, 加载 metadata
2025-07-21 14:14:10 - dbfile_sugar - DEBUG - 从 aibot_sentimental_sugar_researcher 读取 dataframe 数据, 执行分区读取
2025-07-21 14:14:10 - dbfile_sugar - INFO - 成功从 aibot_sentimental_sugar_researcher 读取 dataframe 数据，数据大小: (7, 11)
2025-07-21 14:14:28 - dbfile_sugar - DEBUG - 存储 dataframe 数据至 aibot_sentimental_sugar_researcher, 开始存储 pd.DataFrame 数据
2025-07-21 14:14:28 - dbfile_sugar - DEBUG - [存储 aibot_sentimental_sugar_researcher]: /Users/xiehao/Desktop/workspace/X2AI/FinAI/DataBase/aibot_sentimental_sugar_researcher
2025-07-21 14:14:28 - dbfile_sugar - DEBUG - 存储 dataframe 数据至 aibot_sentimental_sugar_researcher, 执行分区存储
2025-07-21 14:14:28 - dbfile_sugar - DEBUG - 存储 dataframe 数据至 aibot_sentimental_sugar_researcher, 待存储数据中有 1 个分区
2025-07-21 14:14:28 - dbfile_sugar - DEBUG - 存储 dataframe 数据至 aibot_sentimental_sugar_researcher, 执行目标分区存储: 202507
2025-07-21 14:14:28 - dbfile_sugar - DEBUG - 存储 dataframe 数据至 aibot_sentimental_sugar_researcher, 创建分区路径: /Users/xiehao/Desktop/workspace/X2AI/FinAI/DataBase/aibot_sentimental_sugar_researcher/partitionBy=202507
2025-07-21 14:14:28 - dbfile_sugar - DEBUG - 存储 dataframe 数据至 aibot_sentimental_sugar_researcher, 从文件中获取已存在数据: /Users/xiehao/Desktop/workspace/X2AI/FinAI/DataBase/aibot_sentimental_sugar_researcher/partitionBy=202507/data.parquet, 数据大小: (198, 11)
2025-07-21 14:14:28 - dbfile_sugar - DEBUG - 存储 dataframe 数据至 aibot_sentimental_sugar_researcher, 将目标数据与已有数据合并
2025-07-21 14:14:28 - dbfile_sugar - DEBUG - 存储 dataframe 数据至 aibot_sentimental_sugar_researcher, 合并后的数据大小: (203, 12)
2025-07-21 14:14:28 - dbfile_sugar - DEBUG - 存储 dataframe 数据至 aibot_sentimental_sugar_researcher, 将数据存储到目标文件中: /Users/xiehao/Desktop/workspace/X2AI/FinAI/DataBase/aibot_sentimental_sugar_researcher/partitionBy=202507/data.parquet
2025-07-21 14:14:28 - dbfile_sugar - INFO - 存储数据成功: aibot_sentimental_sugar_researcher
2025-07-21 14:14:28 - dbfile_sugar - INFO - 初始化文件数据库, 根路径: /Users/xiehao/Desktop/workspace/X2AI/FinAI/DataBase
2025-07-21 14:14:28 - dbfile_sugar - DEBUG - 读取 dataframe 数据, 表名: aisugar_hisugar
2025-07-21 14:14:28 - dbfile_sugar - DEBUG - 从 aisugar_hisugar 读取 dataframe 数据, 加载 metadata
2025-07-21 14:14:28 - dbfile_sugar - DEBUG - 从 aisugar_hisugar 读取 dataframe 数据, 执行分区读取
2025-07-21 14:14:28 - dbfile_sugar - INFO - 成功从 aisugar_hisugar 读取 dataframe 数据，数据大小: (32, 7)
2025-07-21 14:14:28 - dbfile_sugar - DEBUG - 读取 dataframe 数据, 表名: aibot_sentimental_sugar_researcher
2025-07-21 14:14:28 - dbfile_sugar - DEBUG - 从 aibot_sentimental_sugar_researcher 读取 dataframe 数据, 加载 metadata
2025-07-21 14:14:28 - dbfile_sugar - DEBUG - 从 aibot_sentimental_sugar_researcher 读取 dataframe 数据, 执行分区读取
2025-07-21 14:14:28 - dbfile_sugar - INFO - 成功从 aibot_sentimental_sugar_researcher 读取 dataframe 数据，数据大小: (0, 11)
2025-07-21 14:14:44 - dbfile_sugar - DEBUG - 存储 dataframe 数据至 aibot_sentimental_sugar_researcher, 开始存储 pd.DataFrame 数据
2025-07-21 14:14:44 - dbfile_sugar - DEBUG - [存储 aibot_sentimental_sugar_researcher]: /Users/xiehao/Desktop/workspace/X2AI/FinAI/DataBase/aibot_sentimental_sugar_researcher
2025-07-21 14:14:44 - dbfile_sugar - DEBUG - 存储 dataframe 数据至 aibot_sentimental_sugar_researcher, 执行分区存储
2025-07-21 14:14:44 - dbfile_sugar - DEBUG - 存储 dataframe 数据至 aibot_sentimental_sugar_researcher, 待存储数据中有 1 个分区
2025-07-21 14:14:44 - dbfile_sugar - DEBUG - 存储 dataframe 数据至 aibot_sentimental_sugar_researcher, 执行目标分区存储: 202507
2025-07-21 14:14:44 - dbfile_sugar - DEBUG - 存储 dataframe 数据至 aibot_sentimental_sugar_researcher, 创建分区路径: /Users/xiehao/Desktop/workspace/X2AI/FinAI/DataBase/aibot_sentimental_sugar_researcher/partitionBy=202507
2025-07-21 14:14:44 - dbfile_sugar - DEBUG - 存储 dataframe 数据至 aibot_sentimental_sugar_researcher, 从文件中获取已存在数据: /Users/xiehao/Desktop/workspace/X2AI/FinAI/DataBase/aibot_sentimental_sugar_researcher/partitionBy=202507/data.parquet, 数据大小: (203, 11)
2025-07-21 14:14:44 - dbfile_sugar - DEBUG - 存储 dataframe 数据至 aibot_sentimental_sugar_researcher, 将目标数据与已有数据合并
2025-07-21 14:14:44 - dbfile_sugar - DEBUG - 存储 dataframe 数据至 aibot_sentimental_sugar_researcher, 合并后的数据大小: (209, 12)
2025-07-21 14:14:44 - dbfile_sugar - DEBUG - 存储 dataframe 数据至 aibot_sentimental_sugar_researcher, 将数据存储到目标文件中: /Users/xiehao/Desktop/workspace/X2AI/FinAI/DataBase/aibot_sentimental_sugar_researcher/partitionBy=202507/data.parquet
2025-07-21 14:14:44 - dbfile_sugar - INFO - 存储数据成功: aibot_sentimental_sugar_researcher
2025-07-21 14:14:45 - dbfile_sugar - INFO - 初始化文件数据库, 根路径: /Users/xiehao/Desktop/workspace/X2AI/FinAI/DataBase
2025-07-21 14:14:45 - dbfile_sugar - DEBUG - 读取 dataframe 数据, 表名: aisugar_hisugar
2025-07-21 14:14:45 - dbfile_sugar - DEBUG - 从 aisugar_hisugar 读取 dataframe 数据, 加载 metadata
2025-07-21 14:14:45 - dbfile_sugar - DEBUG - 从 aisugar_hisugar 读取 dataframe 数据, 执行分区读取
2025-07-21 14:14:45 - dbfile_sugar - INFO - 成功从 aisugar_hisugar 读取 dataframe 数据，数据大小: (0, 7)
2025-07-21 14:14:45 - dbfile_sugar - INFO - 初始化文件数据库, 根路径: /Users/xiehao/Desktop/workspace/X2AI/FinAI/DataBase
2025-07-21 14:14:45 - dbfile_sugar - DEBUG - 读取 dataframe 数据, 表名: aisugar_hisugar
2025-07-21 14:14:45 - dbfile_sugar - DEBUG - 从 aisugar_hisugar 读取 dataframe 数据, 加载 metadata
2025-07-21 14:14:45 - dbfile_sugar - DEBUG - 从 aisugar_hisugar 读取 dataframe 数据, 执行分区读取
2025-07-21 14:14:45 - dbfile_sugar - INFO - 成功从 aisugar_hisugar 读取 dataframe 数据，数据大小: (1, 7)
2025-07-21 14:14:45 - dbfile_sugar - DEBUG - 读取 dataframe 数据, 表名: aibot_sentimental_sugar_researcher
2025-07-21 14:14:45 - dbfile_sugar - DEBUG - 从 aibot_sentimental_sugar_researcher 读取 dataframe 数据, 加载 metadata
2025-07-21 14:14:45 - dbfile_sugar - DEBUG - 从 aibot_sentimental_sugar_researcher 读取 dataframe 数据, 执行分区读取
2025-07-21 14:14:45 - dbfile_sugar - INFO - 成功从 aibot_sentimental_sugar_researcher 读取 dataframe 数据，数据大小: (0, 11)
2025-07-21 14:15:01 - dbfile_sugar - DEBUG - 存储 dataframe 数据至 aibot_sentimental_sugar_researcher, 开始存储 pd.DataFrame 数据
2025-07-21 14:15:01 - dbfile_sugar - DEBUG - [存储 aibot_sentimental_sugar_researcher]: /Users/xiehao/Desktop/workspace/X2AI/FinAI/DataBase/aibot_sentimental_sugar_researcher
2025-07-21 14:15:01 - dbfile_sugar - DEBUG - 存储 dataframe 数据至 aibot_sentimental_sugar_researcher, 执行分区存储
2025-07-21 14:15:01 - dbfile_sugar - DEBUG - 存储 dataframe 数据至 aibot_sentimental_sugar_researcher, 待存储数据中有 1 个分区
2025-07-21 14:15:01 - dbfile_sugar - DEBUG - 存储 dataframe 数据至 aibot_sentimental_sugar_researcher, 执行目标分区存储: 202507
2025-07-21 14:15:01 - dbfile_sugar - DEBUG - 存储 dataframe 数据至 aibot_sentimental_sugar_researcher, 创建分区路径: /Users/xiehao/Desktop/workspace/X2AI/FinAI/DataBase/aibot_sentimental_sugar_researcher/partitionBy=202507
2025-07-21 14:15:01 - dbfile_sugar - DEBUG - 存储 dataframe 数据至 aibot_sentimental_sugar_researcher, 从文件中获取已存在数据: /Users/xiehao/Desktop/workspace/X2AI/FinAI/DataBase/aibot_sentimental_sugar_researcher/partitionBy=202507/data.parquet, 数据大小: (209, 11)
2025-07-21 14:15:01 - dbfile_sugar - DEBUG - 存储 dataframe 数据至 aibot_sentimental_sugar_researcher, 将目标数据与已有数据合并
2025-07-21 14:15:01 - dbfile_sugar - DEBUG - 存储 dataframe 数据至 aibot_sentimental_sugar_researcher, 合并后的数据大小: (210, 12)
2025-07-21 14:15:01 - dbfile_sugar - DEBUG - 存储 dataframe 数据至 aibot_sentimental_sugar_researcher, 将数据存储到目标文件中: /Users/xiehao/Desktop/workspace/X2AI/FinAI/DataBase/aibot_sentimental_sugar_researcher/partitionBy=202507/data.parquet
2025-07-21 14:15:01 - dbfile_sugar - INFO - 存储数据成功: aibot_sentimental_sugar_researcher
2025-07-21 14:15:01 - dbfile_sugar - INFO - 初始化文件数据库, 根路径: /Users/xiehao/Desktop/workspace/X2AI/FinAI/DataBase
2025-07-21 14:15:01 - dbfile_sugar - DEBUG - 读取 dataframe 数据, 表名: aisugar_hisugar
2025-07-21 14:15:01 - dbfile_sugar - DEBUG - 从 aisugar_hisugar 读取 dataframe 数据, 加载 metadata
2025-07-21 14:15:01 - dbfile_sugar - DEBUG - 从 aisugar_hisugar 读取 dataframe 数据, 执行分区读取
2025-07-21 14:15:01 - dbfile_sugar - INFO - 成功从 aisugar_hisugar 读取 dataframe 数据，数据大小: (16, 7)
2025-07-21 14:15:01 - dbfile_sugar - DEBUG - 读取 dataframe 数据, 表名: aibot_sentimental_sugar_researcher
2025-07-21 14:15:01 - dbfile_sugar - DEBUG - 从 aibot_sentimental_sugar_researcher 读取 dataframe 数据, 加载 metadata
2025-07-21 14:15:01 - dbfile_sugar - DEBUG - 从 aibot_sentimental_sugar_researcher 读取 dataframe 数据, 执行分区读取
2025-07-21 14:15:01 - dbfile_sugar - INFO - 成功从 aibot_sentimental_sugar_researcher 读取 dataframe 数据，数据大小: (0, 11)
2025-07-21 14:15:20 - dbfile_sugar - DEBUG - 存储 dataframe 数据至 aibot_sentimental_sugar_researcher, 开始存储 pd.DataFrame 数据
2025-07-21 14:15:20 - dbfile_sugar - DEBUG - [存储 aibot_sentimental_sugar_researcher]: /Users/xiehao/Desktop/workspace/X2AI/FinAI/DataBase/aibot_sentimental_sugar_researcher
2025-07-21 14:15:20 - dbfile_sugar - DEBUG - 存储 dataframe 数据至 aibot_sentimental_sugar_researcher, 执行分区存储
2025-07-21 14:15:20 - dbfile_sugar - DEBUG - 存储 dataframe 数据至 aibot_sentimental_sugar_researcher, 待存储数据中有 1 个分区
2025-07-21 14:15:20 - dbfile_sugar - DEBUG - 存储 dataframe 数据至 aibot_sentimental_sugar_researcher, 执行目标分区存储: 202507
2025-07-21 14:15:20 - dbfile_sugar - DEBUG - 存储 dataframe 数据至 aibot_sentimental_sugar_researcher, 创建分区路径: /Users/xiehao/Desktop/workspace/X2AI/FinAI/DataBase/aibot_sentimental_sugar_researcher/partitionBy=202507
2025-07-21 14:15:20 - dbfile_sugar - DEBUG - 存储 dataframe 数据至 aibot_sentimental_sugar_researcher, 从文件中获取已存在数据: /Users/xiehao/Desktop/workspace/X2AI/FinAI/DataBase/aibot_sentimental_sugar_researcher/partitionBy=202507/data.parquet, 数据大小: (210, 11)
2025-07-21 14:15:20 - dbfile_sugar - DEBUG - 存储 dataframe 数据至 aibot_sentimental_sugar_researcher, 将目标数据与已有数据合并
2025-07-21 14:15:20 - dbfile_sugar - DEBUG - 存储 dataframe 数据至 aibot_sentimental_sugar_researcher, 合并后的数据大小: (218, 12)
2025-07-21 14:15:20 - dbfile_sugar - DEBUG - 存储 dataframe 数据至 aibot_sentimental_sugar_researcher, 将数据存储到目标文件中: /Users/xiehao/Desktop/workspace/X2AI/FinAI/DataBase/aibot_sentimental_sugar_researcher/partitionBy=202507/data.parquet
2025-07-21 14:15:20 - dbfile_sugar - INFO - 存储数据成功: aibot_sentimental_sugar_researcher
2025-07-21 14:15:38 - DBFile - INFO - 初始化文件数据库, 根路径: /Users/xiehao/Desktop/workspace/X2AI/FinAI/DataBase
2025-07-21 14:15:38 - DBFile - INFO - 成功从 aibot_sentimental_sugar_researcher 读取 dataframe 数据，数据大小: (47, 11)
