2025-07-03 00:53:45 - webserver - INFO - AnalysisService initialized
2025-07-03 00:53:45 - webserver - INFO - ReportService initialized
2025-07-03 00:53:45 - webserver - INFO - stockService initialized
2025-07-03 00:53:46 - webserver - INFO - AnalysisService initialized
2025-07-03 00:53:46 - webserver - INFO - ReportService initialized
2025-07-03 00:53:46 - webserver - INFO - stockService initialized
2025-07-03 00:53:50 - webserver - INFO - [自动分析] 找到 78 个图表文件, 最新日期: 20250630_klines
2025-07-03 00:53:50 - webserver - WARNING - 最新图表日期 20250630_klines 与当前日期不一致!
2025-07-03 00:53:50 - webserver - INFO - 总共获取了 53 篇分析报告
2025-07-03 00:54:45 - webserver - INFO - AnalysisService initialized
2025-07-03 00:54:45 - webserver - INFO - ReportService initialized
2025-07-03 00:54:45 - webserver - INFO - stockService initialized
2025-07-03 00:54:54 - webserver - INFO - AnalysisService initialized
2025-07-03 00:54:54 - webserver - INFO - ReportService initialized
2025-07-03 00:54:54 - webserver - INFO - stockService initialized
2025-07-03 00:54:56 - webserver - INFO - AnalysisService initialized
2025-07-03 00:54:56 - webserver - INFO - ReportService initialized
2025-07-03 00:54:56 - webserver - INFO - stockService initialized
2025-07-03 00:54:56 - webserver - INFO - [自动分析] 找到 78 个图表文件, 最新日期: 20250630_klines
2025-07-03 00:54:56 - webserver - WARNING - 最新图表日期 20250630_klines 与当前日期不一致!
2025-07-03 00:54:56 - webserver - INFO - 总共获取了 53 篇分析报告
2025-07-03 00:55:17 - webserver - INFO - AnalysisService initialized
2025-07-03 00:55:17 - webserver - INFO - ReportService initialized
2025-07-03 00:55:17 - webserver - INFO - stockService initialized
2025-07-03 00:55:17 - webserver - INFO - [自动分析] 找到 78 个图表文件, 最新日期: 20250630_klines
2025-07-03 00:55:17 - webserver - WARNING - 最新图表日期 20250630_klines 与当前日期不一致!
2025-07-03 00:55:17 - webserver - INFO - 总共获取了 53 篇分析报告
2025-07-03 00:55:26 - webserver - INFO - AnalysisService initialized
2025-07-03 00:55:26 - webserver - INFO - ReportService initialized
2025-07-03 00:55:26 - webserver - INFO - stockService initialized
2025-07-03 00:55:54 - webserver - INFO - AnalysisService initialized
2025-07-03 00:55:54 - webserver - INFO - ReportService initialized
2025-07-03 00:55:54 - webserver - INFO - stockService initialized
2025-07-03 00:55:56 - webserver - INFO - [自动分析] 找到 78 个图表文件, 最新日期: 20250630_klines
2025-07-03 00:55:56 - webserver - WARNING - 最新图表日期 20250630_klines 与当前日期不一致!
2025-07-03 00:55:56 - webserver - INFO - 总共获取了 5 篇分析报告
2025-07-03 00:56:10 - webserver - INFO - AnalysisService initialized
2025-07-03 00:56:10 - webserver - INFO - ReportService initialized
2025-07-03 00:56:10 - webserver - INFO - stockService initialized
2025-07-03 00:56:10 - webserver - INFO - [自动分析] 找到 78 个图表文件, 最新日期: 20250630_klines
2025-07-03 00:56:10 - webserver - WARNING - 最新图表日期 20250630_klines 与当前日期不一致!
2025-07-03 00:56:10 - webserver - INFO - 总共获取了 5 篇分析报告
